[debug] [2025-01-11T06:36:28.384Z] : 
[debug] [2025-01-11T06:36:28.388Z] : ----------------------------------------------------------------------
[debug] [2025-01-11T06:36:28.388Z] : Command:      C:\Program Files\nodejs\node.exe C:\Users\91877\AppData\Roaming\npm\node_modules\zcatalyst-cli\lib\bin\catalyst.js serve
[debug] [2025-01-11T06:36:28.389Z] : CLI Version:  1.17.6
[debug] [2025-01-11T06:36:28.390Z] : Platform:     win32
[debug] [2025-01-11T06:36:28.390Z] : Node Version: v22.9.0
[debug] [2025-01-11T06:36:28.390Z] : Time:         Sat Jan 11 2025 12:06:28 GMT+0530 (India Standard Time)
[debug] [2025-01-11T06:36:28.390Z] : ----------------------------------------------------------------------
[debug] [2025-01-11T06:36:28.390Z] : 
[debug] [2025-01-11T06:36:30.297Z] : > authorizing via signed-in user option
[debug] [2025-01-11T06:36:30.299Z] : > command requires scopes: ["ZohoCatalyst.projects.ALL","ZohoCatalyst.functions.ALL","ZohoCatalyst.functions.EXECUTE","ZohoCatalyst.webapp.ALL","ZohoCatalyst.pdfshot.execute","ZohoCatalyst.authentication.CREATE"]
[debug] [2025-01-11T06:36:30.325Z] : >>>> HTTP REQUEST : GET https://api.catalyst.zoho.in/baas/v1/project/12511000000007132 

[debug] [2025-01-11T06:36:31.006Z] : <<<< HTTP RESPONSE : 200
Response Headers: {"server":"ZGS","date":"Sat, 11 Jan 2025 06:36:31 GMT","content-type":"application/vnd.catalyst.v2+json","transfer-encoding":"chunked","connection":"keep-alive","set-cookie":["zalb_3a750b85f1=ed010f63633be60a322039283f31a645; Path=/; Secure; HttpOnly","ZD_CSRF_TOKEN=7ffa48d2-0977-4756-a936-eb908551ec68;path=/;SameSite=None;Secure;priority=high","_zcsr_tmp=7ffa48d2-0977-4756-a936-eb908551ec68;path=/;SameSite=Strict;Secure;priority=high"],"x-content-type-options":"nosniff","x-xss-protection":"1","cache-control":"private,no-cache,no-store,max-age=0,must-revalidate","pragma":"no-cache","expires":"Thu, 01 Jan 1970 00:00:00 GMT","x-frame-options":"DENY","strict-transport-security":"max-age=64072000; includeSubDomains; preload"}

[debug] [2025-01-11T06:36:31.012Z] : >>>> HTTP REQUEST : GET https://api.catalyst.zoho.in/baas/v1/project/12511000000007132/environment 

[debug] [2025-01-11T06:36:31.191Z] : <<<< HTTP RESPONSE : 200
Response Headers: {"server":"ZGS","date":"Sat, 11 Jan 2025 06:36:31 GMT","content-type":"application/vnd.catalyst.v2+json","transfer-encoding":"chunked","connection":"keep-alive","set-cookie":["zalb_3a750b85f1=411f509465b028e7e235eac6930aaab2; Path=/; Secure; HttpOnly","ZD_CSRF_TOKEN=1dddcdda-da04-49cc-8f6a-46e07b9ff691;path=/;SameSite=None;Secure;priority=high","_zcsr_tmp=1dddcdda-da04-49cc-8f6a-46e07b9ff691;path=/;SameSite=Strict;Secure;priority=high"],"x-content-type-options":"nosniff","x-xss-protection":"1","cache-control":"private,no-cache,no-store,max-age=0,must-revalidate","pragma":"no-cache","expires":"Thu, 01 Jan 1970 00:00:00 GMT","x-frame-options":"DENY","strict-transport-security":"max-age=64072000; includeSubDomains; preload"}

[debug] [2025-01-11T06:36:32.145Z] : http port : '3000' is not available. Hence port '3001' will be used instead.
[debug] [2025-01-11T06:36:32.409Z] : No basic functions to add
[info] [2025-01-11T06:36:35.222Z] : [react-plugin]: Starting the development server...

[info] [2025-01-11T06:36:35.224Z] : 
[info] [2025-01-11T06:36:35.225Z] : i Client[hostneo]: Plugin : "zcatalyst-cli-plugin-react" is used for client serve
[info] [2025-01-11T06:36:35.226Z] : 
[info] [2025-01-11T06:36:37.155Z] : 
[info] [2025-01-11T06:36:37.155Z] :  >>>>>>>>>>>>> Web Client <<<<<<<<<<<<
[info] [2025-01-11T06:36:37.155Z] : i client[hostneo]: http://localhost:3001/app/
[info] [2025-01-11T06:36:37.156Z] : 
[info] [2025-01-11T06:36:41.088Z] : [react-plugin]: Compiled with warnings.

[info] [2025-01-11T06:36:41.089Z] : [react-plugin]: [eslint] 
src\App.js
  Line 35:13:  The href attribute requires a valid value to be accessible. Provide a valid, navigable address as the href value. If you cannot provide a valid href, but still need the element to resemble a link, use a button and change it with appropriate styles. Learn more: https://github.com/jsx-eslint/eslint-plugin-jsx-a11y/blob/HEAD/docs/rules/anchor-is-valid.md  jsx-a11y/anchor-is-valid
[info] [2025-01-11T06:36:41.090Z] : [react-plugin]: 
Search for the keywords to learn more about each warning.
[info] [2025-01-11T06:36:41.091Z] : [react-plugin]: To ignore, add // eslint-disable-next-line to the line before.

[debug] [2025-01-11T06:36:42.270Z] : proxy closed
[info] [2025-01-11T06:37:15.952Z] : Shutting down server
[info] [2025-01-11T06:37:15.980Z] : 
[info] [2025-01-11T06:37:15.983Z] : √ Shutdown complete
[debug] [2025-01-11T06:37:15.984Z] : NO ERRORS REGISTERED
[debug] [2025-01-11T06:37:15.986Z] : EXEC ENDED with event: serve, message: success
[debug] [2025-01-11T06:37:15.986Z] : TOTAL DURATION OF COMMAND EXEC : 45725
[debug] [2025-01-11T06:37:16.043Z] : >>>> HTTP REQUEST : POST https://api.catalyst.zoho.in/baas/v1/cli/logs 
<request body omitted>

[debug] [2025-01-11T06:37:16.854Z] : <<<< HTTP RESPONSE : 200
Response Headers: {"server":"ZGS","date":"Sat, 11 Jan 2025 06:37:16 GMT","content-length":"0","connection":"keep-alive","set-cookie":["zalb_3a750b85f1=ed010f63633be60a322039283f31a645; Path=/; Secure; HttpOnly","ZD_CSRF_TOKEN=9627b4d8-b52a-4f9f-bc18-e660504cd029;path=/;SameSite=None;Secure;priority=high","_zcsr_tmp=9627b4d8-b52a-4f9f-bc18-e660504cd029;path=/;SameSite=Strict;Secure;priority=high"],"x-content-type-options":"nosniff","x-xss-protection":"1","cache-control":"private,no-cache,no-store,max-age=0,must-revalidate","pragma":"no-cache","expires":"Thu, 01 Jan 1970 00:00:00 GMT","x-frame-options":"DENY","strict-transport-security":"max-age=64072000; includeSubDomains; preload"}

[debug] [2025-01-11T06:37:34.098Z] : 
[debug] [2025-01-11T06:37:34.101Z] : ----------------------------------------------------------------------
[debug] [2025-01-11T06:37:34.101Z] : Command:      C:\Program Files\nodejs\node.exe C:\Users\91877\AppData\Roaming\npm\node_modules\zcatalyst-cli\lib\bin\catalyst.js deploy
[debug] [2025-01-11T06:37:34.102Z] : CLI Version:  1.17.6
[debug] [2025-01-11T06:37:34.102Z] : Platform:     win32
[debug] [2025-01-11T06:37:34.103Z] : Node Version: v22.9.0
[debug] [2025-01-11T06:37:34.103Z] : Time:         Sat Jan 11 2025 12:07:34 GMT+0530 (India Standard Time)
[debug] [2025-01-11T06:37:34.103Z] : ----------------------------------------------------------------------
[debug] [2025-01-11T06:37:34.103Z] : 
[debug] [2025-01-11T06:37:36.082Z] : > authorizing via signed-in user option
[debug] [2025-01-11T06:37:36.083Z] : > command requires scopes: ["ZohoCatalyst.projects.ALL","ZohoCatalyst.functions.ALL","ZohoCatalyst.webapp.ALL","ZohoCatalyst.appsail.Update"]
[debug] [2025-01-11T06:37:36.114Z] : >>>> HTTP REQUEST : GET https://api.catalyst.zoho.in/baas/v1/project/12511000000007132 

[debug] [2025-01-11T06:37:36.615Z] : <<<< HTTP RESPONSE : 200
Response Headers: {"server":"ZGS","date":"Sat, 11 Jan 2025 06:37:36 GMT","content-type":"application/vnd.catalyst.v2+json","transfer-encoding":"chunked","connection":"keep-alive","set-cookie":["zalb_3a750b85f1=411f509465b028e7e235eac6930aaab2; Path=/; Secure; HttpOnly","ZD_CSRF_TOKEN=9bdf6aaf-4699-4fb2-b119-f5afa8adc99d;path=/;SameSite=None;Secure;priority=high","_zcsr_tmp=9bdf6aaf-4699-4fb2-b119-f5afa8adc99d;path=/;SameSite=Strict;Secure;priority=high"],"x-content-type-options":"nosniff","x-xss-protection":"1","cache-control":"private,no-cache,no-store,max-age=0,must-revalidate","pragma":"no-cache","expires":"Thu, 01 Jan 1970 00:00:00 GMT","x-frame-options":"DENY","strict-transport-security":"max-age=64072000; includeSubDomains; preload"}

[debug] [2025-01-11T06:37:36.623Z] : >>>> HTTP REQUEST : GET https://api.catalyst.zoho.in/baas/v1/project/12511000000007132/environment 

[debug] [2025-01-11T06:37:37.214Z] : <<<< HTTP RESPONSE : 200
Response Headers: {"server":"ZGS","date":"Sat, 11 Jan 2025 06:37:36 GMT","content-type":"application/vnd.catalyst.v2+json","transfer-encoding":"chunked","connection":"keep-alive","set-cookie":["zalb_3a750b85f1=ed010f63633be60a322039283f31a645; Path=/; Secure; HttpOnly","ZD_CSRF_TOKEN=0515bb3a-82b7-48d1-a786-0864912f8646;path=/;SameSite=None;Secure;priority=high","_zcsr_tmp=0515bb3a-82b7-48d1-a786-0864912f8646;path=/;SameSite=Strict;Secure;priority=high"],"x-content-type-options":"nosniff","x-xss-protection":"1","cache-control":"private,no-cache,no-store,max-age=0,must-revalidate","pragma":"no-cache","expires":"Thu, 01 Jan 1970 00:00:00 GMT","x-frame-options":"DENY","strict-transport-security":"max-age=64072000; includeSubDomains; preload"}

[info] [2025-01-11T06:37:37.470Z] : i Plugin : "zcatalyst-cli-plugin-react" is used for client deploy
[info] [2025-01-11T06:37:37.471Z] : i Building Application...
[info] [2025-01-11T06:37:40.871Z] : [react-plugin]: Creating an optimized production build...
[info] [2025-01-11T06:37:51.211Z] : [react-plugin]: Compiled with warnings.

[info] [2025-01-11T06:37:51.212Z] : [react-plugin]: [eslint] 
src\App.js
  Line 35:13:  The href attribute requires a valid value to be accessible. Provide a valid, navigable address as the href value. If you cannot provide a valid href, but still need the element to resemble a link, use a button and change it with appropriate styles. Learn more: https://github.com/jsx-eslint/eslint-plugin-jsx-a11y/blob/HEAD/docs/rules/anchor-is-valid.md  jsx-a11y/anchor-is-valid
[info] [2025-01-11T06:37:51.213Z] : [react-plugin]: 
Search for the keywords to learn more about each warning.
[info] [2025-01-11T06:37:51.214Z] : [react-plugin]: To ignore, add // eslint-disable-next-line to the line before.

[info] [2025-01-11T06:37:51.215Z] : [react-plugin]: File sizes after gzip:

[info] [2025-01-11T06:37:51.240Z] : [react-plugin]:   84.99 kB  build\static\js\main.e8db0895.js
[info] [2025-01-11T06:37:51.241Z] : [react-plugin]:   1.72 kB   build\static\css\main.a630ae4f.css
[info] [2025-01-11T06:37:51.242Z] : [react-plugin]:  
[debug] [2025-01-11T06:37:51.610Z] : >>>> HTTP REQUEST : POST https://api.catalyst.zoho.in/baas/v1/project/12511000000007132/webapp 

[debug] [2025-01-11T06:37:53.580Z] : <<<< HTTP RESPONSE : 200
Response Headers: {"server":"ZGS","date":"Sat, 11 Jan 2025 06:37:53 GMT","content-type":"application/vnd.catalyst.v2+json","transfer-encoding":"chunked","connection":"keep-alive","set-cookie":["zalb_3a750b85f1=ed010f63633be60a322039283f31a645; Path=/; Secure; HttpOnly","ZD_CSRF_TOKEN=76aea59f-839e-420e-ab05-11b28b7e91da;path=/;SameSite=None;Secure;priority=high","_zcsr_tmp=76aea59f-839e-420e-ab05-11b28b7e91da;path=/;SameSite=Strict;Secure;priority=high"],"x-content-type-options":"nosniff","x-xss-protection":"1","cache-control":"private,no-cache,no-store,max-age=0,must-revalidate","pragma":"no-cache","expires":"Thu, 01 Jan 1970 00:00:00 GMT","x-frame-options":"DENY","strict-transport-security":"max-age=64072000; includeSubDomains; preload"}

[info] [2025-01-11T06:37:53.582Z] : 
[info] [2025-01-11T06:37:53.583Z] : √ client: deploy successful
[info] [2025-01-11T06:37:53.584Z] : i client: URL => https://neo-ui-60036342554.development.catalystserverless.in/app/index.html
[info] [2025-01-11T06:37:53.584Z] : 
[info] [2025-01-11T06:37:53.585Z] : √ Catalyst deploy complete!
[debug] [2025-01-11T06:37:53.586Z] : NO ERRORS REGISTERED
[debug] [2025-01-11T06:37:53.586Z] : EXEC ENDED with event: deploy, message: success
[debug] [2025-01-11T06:37:53.586Z] : TOTAL DURATION OF COMMAND EXEC : 17536
[debug] [2025-01-11T06:37:53.596Z] : >>>> HTTP REQUEST : POST https://api.catalyst.zoho.in/baas/v1/cli/logs 
<request body omitted>

[debug] [2025-01-11T06:37:53.770Z] : <<<< HTTP RESPONSE : 200
Response Headers: {"server":"ZGS","date":"Sat, 11 Jan 2025 06:37:53 GMT","content-length":"0","connection":"keep-alive","set-cookie":["zalb_3a750b85f1=411f509465b028e7e235eac6930aaab2; Path=/; Secure; HttpOnly","ZD_CSRF_TOKEN=27356317-51a4-42e1-a3da-3bfd0b205001;path=/;SameSite=None;Secure;priority=high","_zcsr_tmp=27356317-51a4-42e1-a3da-3bfd0b205001;path=/;SameSite=Strict;Secure;priority=high"],"x-content-type-options":"nosniff","x-xss-protection":"1","cache-control":"private,no-cache,no-store,max-age=0,must-revalidate","pragma":"no-cache","expires":"Thu, 01 Jan 1970 00:00:00 GMT","x-frame-options":"DENY","strict-transport-security":"max-age=64072000; includeSubDomains; preload"}

[debug] [2025-01-11T06:57:38.987Z] : 
[debug] [2025-01-11T06:57:38.991Z] : ----------------------------------------------------------------------
[debug] [2025-01-11T06:57:38.991Z] : Command:      C:\Program Files\nodejs\node.exe C:\Users\91877\AppData\Roaming\npm\node_modules\zcatalyst-cli\lib\bin\catalyst.js serve
[debug] [2025-01-11T06:57:38.992Z] : CLI Version:  1.17.6
[debug] [2025-01-11T06:57:38.992Z] : Platform:     win32
[debug] [2025-01-11T06:57:38.993Z] : Node Version: v22.9.0
[debug] [2025-01-11T06:57:38.993Z] : Time:         Sat Jan 11 2025 12:27:38 GMT+0530 (India Standard Time)
[debug] [2025-01-11T06:57:38.993Z] : ----------------------------------------------------------------------
[debug] [2025-01-11T06:57:38.993Z] : 
[debug] [2025-01-11T06:57:40.994Z] : > authorizing via signed-in user option
[debug] [2025-01-11T06:57:40.995Z] : > command requires scopes: ["ZohoCatalyst.projects.ALL","ZohoCatalyst.functions.ALL","ZohoCatalyst.functions.EXECUTE","ZohoCatalyst.webapp.ALL","ZohoCatalyst.pdfshot.execute","ZohoCatalyst.authentication.CREATE"]
[debug] [2025-01-11T06:57:41.024Z] : >>>> HTTP REQUEST : GET https://api.catalyst.zoho.in/baas/v1/project/12511000000007132 

[debug] [2025-01-11T06:57:41.542Z] : <<<< HTTP RESPONSE : 200
Response Headers: {"server":"ZGS","date":"Sat, 11 Jan 2025 06:57:41 GMT","content-type":"application/vnd.catalyst.v2+json","transfer-encoding":"chunked","connection":"keep-alive","set-cookie":["zalb_3a750b85f1=ed010f63633be60a322039283f31a645; Path=/; Secure; HttpOnly","ZD_CSRF_TOKEN=f2405cd8-6208-4f39-97c6-cec36060523a;path=/;SameSite=None;Secure;priority=high","_zcsr_tmp=f2405cd8-6208-4f39-97c6-cec36060523a;path=/;SameSite=Strict;Secure;priority=high"],"x-content-type-options":"nosniff","x-xss-protection":"1","cache-control":"private,no-cache,no-store,max-age=0,must-revalidate","pragma":"no-cache","expires":"Thu, 01 Jan 1970 00:00:00 GMT","x-frame-options":"DENY","strict-transport-security":"max-age=64072000; includeSubDomains; preload"}

[debug] [2025-01-11T06:57:41.551Z] : >>>> HTTP REQUEST : GET https://api.catalyst.zoho.in/baas/v1/project/12511000000007132/environment 

[debug] [2025-01-11T06:57:41.669Z] : <<<< HTTP RESPONSE : 200
Response Headers: {"server":"ZGS","date":"Sat, 11 Jan 2025 06:57:41 GMT","content-type":"application/vnd.catalyst.v2+json","transfer-encoding":"chunked","connection":"keep-alive","set-cookie":["zalb_3a750b85f1=411f509465b028e7e235eac6930aaab2; Path=/; Secure; HttpOnly","ZD_CSRF_TOKEN=fb1efec2-4a91-4214-9080-824c828652ab;path=/;SameSite=None;Secure;priority=high","_zcsr_tmp=fb1efec2-4a91-4214-9080-824c828652ab;path=/;SameSite=Strict;Secure;priority=high"],"x-content-type-options":"nosniff","x-xss-protection":"1","cache-control":"private,no-cache,no-store,max-age=0,must-revalidate","pragma":"no-cache","expires":"Thu, 01 Jan 1970 00:00:00 GMT","x-frame-options":"DENY","strict-transport-security":"max-age=64072000; includeSubDomains; preload"}

[debug] [2025-01-11T06:57:42.404Z] : No basic functions to add
[info] [2025-01-11T06:57:45.895Z] : [react-plugin]: Starting the development server...

[info] [2025-01-11T06:57:45.898Z] : 
[info] [2025-01-11T06:57:45.899Z] : i Client[hostneo]: Plugin : "zcatalyst-cli-plugin-react" is used for client serve
[info] [2025-01-11T06:57:45.900Z] : 
[info] [2025-01-11T06:57:47.838Z] : 
[info] [2025-01-11T06:57:47.839Z] :  >>>>>>>>>>>>> Web Client <<<<<<<<<<<<
[info] [2025-01-11T06:57:47.839Z] : i client[hostneo]: http://localhost:3000/app/
[info] [2025-01-11T06:57:47.840Z] : 
[info] [2025-01-11T06:57:49.042Z] : [react-plugin]: Compiled successfully!
[info] [2025-01-11T06:57:49.042Z] : [react-plugin]: 
[info] [2025-01-11T06:57:49.043Z] : [react-plugin]: You can now view hostneo in the browser.
[info] [2025-01-11T06:57:49.043Z] : [react-plugin]: 
[info] [2025-01-11T06:57:49.043Z] : [react-plugin]:   Local:            http://localhost:3000/app/
[info] [2025-01-11T06:57:49.043Z] : [react-plugin]:   On Your Network:  http://192.168.144.92:3000/app/
[info] [2025-01-11T06:57:49.043Z] : [react-plugin]: 
[info] [2025-01-11T06:57:49.044Z] : [react-plugin]: Note that the development build is not optimized.
[info] [2025-01-11T06:57:49.044Z] : [react-plugin]: To create a production build, use npm run build.
[info] [2025-01-11T06:57:49.045Z] : [react-plugin]: 
[debug] [2025-01-11T06:57:50.031Z] : proxy closed
[info] [2025-01-11T06:58:02.531Z] : Shutting down server
[debug] [2025-01-11T06:58:02.546Z] : proxy closed
[debug] [2025-01-11T06:58:02.546Z] : proxy closed
[info] [2025-01-11T06:58:02.548Z] : 
[info] [2025-01-11T06:58:02.550Z] : √ Shutdown complete
[debug] [2025-01-11T06:58:02.550Z] : NO ERRORS REGISTERED
[debug] [2025-01-11T06:58:02.551Z] : EXEC ENDED with event: serve, message: success
[debug] [2025-01-11T06:58:02.552Z] : TOTAL DURATION OF COMMAND EXEC : 21586
[debug] [2025-01-11T06:58:02.562Z] : >>>> HTTP REQUEST : POST https://api.catalyst.zoho.in/baas/v1/cli/logs 
<request body omitted>

[debug] [2025-01-11T06:58:03.137Z] : <<<< HTTP RESPONSE : 200
Response Headers: {"server":"ZGS","date":"Sat, 11 Jan 2025 06:58:03 GMT","content-length":"0","connection":"keep-alive","set-cookie":["zalb_3a750b85f1=411f509465b028e7e235eac6930aaab2; Path=/; Secure; HttpOnly","ZD_CSRF_TOKEN=88dac507-0056-48f8-8d6a-789e14a0bd89;path=/;SameSite=None;Secure;priority=high","_zcsr_tmp=88dac507-0056-48f8-8d6a-789e14a0bd89;path=/;SameSite=Strict;Secure;priority=high"],"x-content-type-options":"nosniff","x-xss-protection":"1","cache-control":"private,no-cache,no-store,max-age=0,must-revalidate","pragma":"no-cache","expires":"Thu, 01 Jan 1970 00:00:00 GMT","x-frame-options":"DENY","strict-transport-security":"max-age=64072000; includeSubDomains; preload"}

[debug] [2025-01-11T06:58:06.848Z] : 
[debug] [2025-01-11T06:58:06.851Z] : ----------------------------------------------------------------------
[debug] [2025-01-11T06:58:06.852Z] : Command:      C:\Program Files\nodejs\node.exe C:\Users\91877\AppData\Roaming\npm\node_modules\zcatalyst-cli\lib\bin\catalyst.js deploy
[debug] [2025-01-11T06:58:06.852Z] : CLI Version:  1.17.6
[debug] [2025-01-11T06:58:06.853Z] : Platform:     win32
[debug] [2025-01-11T06:58:06.853Z] : Node Version: v22.9.0
[debug] [2025-01-11T06:58:06.853Z] : Time:         Sat Jan 11 2025 12:28:06 GMT+0530 (India Standard Time)
[debug] [2025-01-11T06:58:06.853Z] : ----------------------------------------------------------------------
[debug] [2025-01-11T06:58:06.853Z] : 
[debug] [2025-01-11T06:58:08.774Z] : > authorizing via signed-in user option
[debug] [2025-01-11T06:58:08.774Z] : > command requires scopes: ["ZohoCatalyst.projects.ALL","ZohoCatalyst.functions.ALL","ZohoCatalyst.webapp.ALL","ZohoCatalyst.appsail.Update"]
[debug] [2025-01-11T06:58:08.803Z] : >>>> HTTP REQUEST : GET https://api.catalyst.zoho.in/baas/v1/project/12511000000007132 

[debug] [2025-01-11T06:58:09.336Z] : <<<< HTTP RESPONSE : 200
Response Headers: {"server":"ZGS","date":"Sat, 11 Jan 2025 06:58:09 GMT","content-type":"application/vnd.catalyst.v2+json","transfer-encoding":"chunked","connection":"keep-alive","set-cookie":["zalb_3a750b85f1=411f509465b028e7e235eac6930aaab2; Path=/; Secure; HttpOnly","ZD_CSRF_TOKEN=11647d2b-1f44-4b31-ba8f-ad8565be4963;path=/;SameSite=None;Secure;priority=high","_zcsr_tmp=11647d2b-1f44-4b31-ba8f-ad8565be4963;path=/;SameSite=Strict;Secure;priority=high"],"x-content-type-options":"nosniff","x-xss-protection":"1","cache-control":"private,no-cache,no-store,max-age=0,must-revalidate","pragma":"no-cache","expires":"Thu, 01 Jan 1970 00:00:00 GMT","x-frame-options":"DENY","strict-transport-security":"max-age=64072000; includeSubDomains; preload"}

[debug] [2025-01-11T06:58:09.341Z] : >>>> HTTP REQUEST : GET https://api.catalyst.zoho.in/baas/v1/project/12511000000007132/environment 

[debug] [2025-01-11T06:58:09.412Z] : <<<< HTTP RESPONSE : 200
Response Headers: {"server":"ZGS","date":"Sat, 11 Jan 2025 06:58:09 GMT","content-type":"application/vnd.catalyst.v2+json","transfer-encoding":"chunked","connection":"keep-alive","set-cookie":["zalb_3a750b85f1=ed010f63633be60a322039283f31a645; Path=/; Secure; HttpOnly","ZD_CSRF_TOKEN=2b65682b-9a93-49f7-8ca3-d98a9dedea52;path=/;SameSite=None;Secure;priority=high","_zcsr_tmp=2b65682b-9a93-49f7-8ca3-d98a9dedea52;path=/;SameSite=Strict;Secure;priority=high"],"x-content-type-options":"nosniff","x-xss-protection":"1","cache-control":"private,no-cache,no-store,max-age=0,must-revalidate","pragma":"no-cache","expires":"Thu, 01 Jan 1970 00:00:00 GMT","x-frame-options":"DENY","strict-transport-security":"max-age=64072000; includeSubDomains; preload"}

[info] [2025-01-11T06:58:09.638Z] : i Plugin : "zcatalyst-cli-plugin-react" is used for client deploy
[info] [2025-01-11T06:58:09.639Z] : i Building Application...
[info] [2025-01-11T06:58:12.870Z] : [react-plugin]: Creating an optimized production build...
[info] [2025-01-11T06:58:16.523Z] : [react-plugin]: Compiled successfully.

[info] [2025-01-11T06:58:16.524Z] : [react-plugin]: File sizes after gzip:

[info] [2025-01-11T06:58:16.549Z] : [react-plugin]:   84.99 kB         build\static\js\main.e8db0895.js
[info] [2025-01-11T06:58:16.550Z] : [react-plugin]:   1.74 kB (+15 B)  build\static\css\main.e0fc942c.css
[info] [2025-01-11T06:58:16.551Z] : [react-plugin]:  
[debug] [2025-01-11T06:58:16.839Z] : >>>> HTTP REQUEST : POST https://api.catalyst.zoho.in/baas/v1/project/12511000000007132/webapp 

[debug] [2025-01-11T06:58:18.524Z] : <<<< HTTP RESPONSE : 200
Response Headers: {"server":"ZGS","date":"Sat, 11 Jan 2025 06:58:18 GMT","content-type":"application/vnd.catalyst.v2+json","transfer-encoding":"chunked","connection":"keep-alive","set-cookie":["zalb_3a750b85f1=ed010f63633be60a322039283f31a645; Path=/; Secure; HttpOnly","ZD_CSRF_TOKEN=c116d9b5-c44e-4cbf-9f2b-d85b3e43b167;path=/;SameSite=None;Secure;priority=high","_zcsr_tmp=c116d9b5-c44e-4cbf-9f2b-d85b3e43b167;path=/;SameSite=Strict;Secure;priority=high"],"x-content-type-options":"nosniff","x-xss-protection":"1","cache-control":"private,no-cache,no-store,max-age=0,must-revalidate","pragma":"no-cache","expires":"Thu, 01 Jan 1970 00:00:00 GMT","x-frame-options":"DENY","strict-transport-security":"max-age=64072000; includeSubDomains; preload"}

[info] [2025-01-11T06:58:18.527Z] : 
[info] [2025-01-11T06:58:18.527Z] : √ client: deploy successful
[info] [2025-01-11T06:58:18.528Z] : i client: URL => https://neo-ui-60036342554.development.catalystserverless.in/app/index.html
[info] [2025-01-11T06:58:18.529Z] : 
[info] [2025-01-11T06:58:18.529Z] : √ Catalyst deploy complete!
[debug] [2025-01-11T06:58:18.530Z] : NO ERRORS REGISTERED
[debug] [2025-01-11T06:58:18.531Z] : EXEC ENDED with event: deploy, message: success
[debug] [2025-01-11T06:58:18.531Z] : TOTAL DURATION OF COMMAND EXEC : 9787
[debug] [2025-01-11T06:58:18.540Z] : >>>> HTTP REQUEST : POST https://api.catalyst.zoho.in/baas/v1/cli/logs 
<request body omitted>

[debug] [2025-01-11T06:58:18.721Z] : <<<< HTTP RESPONSE : 200
Response Headers: {"server":"ZGS","date":"Sat, 11 Jan 2025 06:58:18 GMT","content-length":"0","connection":"keep-alive","set-cookie":["zalb_3a750b85f1=411f509465b028e7e235eac6930aaab2; Path=/; Secure; HttpOnly","ZD_CSRF_TOKEN=e56aad1a-aef0-4ee2-8e02-ce8d03adf91a;path=/;SameSite=None;Secure;priority=high","_zcsr_tmp=e56aad1a-aef0-4ee2-8e02-ce8d03adf91a;path=/;SameSite=Strict;Secure;priority=high"],"x-content-type-options":"nosniff","x-xss-protection":"1","cache-control":"private,no-cache,no-store,max-age=0,must-revalidate","pragma":"no-cache","expires":"Thu, 01 Jan 1970 00:00:00 GMT","x-frame-options":"DENY","strict-transport-security":"max-age=64072000; includeSubDomains; preload"}

